// Jest Snapshot v1, https://goo.gl/fbAQLP

exports[`Alert should render correctly given valid props 1`] = `
<div
  aria-atomic="true"
  aria-live="assertive"
  className="fade toast show"
  role="alert"
>
  <div
    className="toast-header"
  >
    <strong
      className="mr-auto"
    >
      Success
    </strong>
    <button
      className="close ml-2 mb-1"
      data-dismiss="toast"
      onClick={[Function]}
      type="button"
    >
      <span
        aria-hidden="true"
      >
        Ã—
      </span>
      <span
        className="sr-only"
      >
        Close
      </span>
    </button>
  </div>
  <div
    className="toast-body"
  >
    Request completed
  </div>
</div>
`;
